git init



AzureAD+FathimaHudha@IBM-8JNPNJ4 MINGW64 ~/Documents/Day-1_HTML (master)
$ git status
On branch master

No commits yet

Untracked files:
  (use "git add <file>..." to include in what will be committed)
        index.css
        index.html
        index.js
        test.txt

nothing added to commit but untracked files present (use "git add" to track)

AzureAD+FathimaHudha@IBM-8JNPNJ4 MINGW64 ~/Documents/Day-1_HTML (master)
$ git add .

AzureAD+FathimaHudha@IBM-8JNPNJ4 MINGW64 ~/Documents/Day-1_HTML (master)
$ git status
On branch master

No commits yet

Changes to be committed:
  (use "git rm --cached <file>..." to unstage)
        new file:   index.css
        new file:   index.html
        new file:   index.js
        new file:   test.txt


AzureAD+FathimaHudha@IBM-8JNPNJ4 MINGW64 ~/Documents/Day-1_HTML (master)
$ git commit -m "adde html files"
[master (root-commit) 2ee896a] adde html files
 Committer: Fathima Hudha <fathima.hudha@ibm.com>
Your name and email address were configured automatically based
on your username and hostname. Please check that they are accurate.
You can suppress this message by setting them explicitly. Run the
following command and follow the instructions in your editor to edit
your configuration file:

    git config --global --edit

After doing this, you may fix the identity used for this commit with:

    git commit --amend --reset-author

 4 files changed, 34 insertions(+)
 create mode 100644 index.css
 create mode 100644 index.html
 create mode 100644 index.js
 create mode 100644 test.txt

AzureAD+FathimaHudha@IBM-8JNPNJ4 MINGW64 ~/Documents/Day-1_HTML (master)
$ git remote add origin https://github.com/FaThiMa-HuDhA-7/IBM-Cloud-FullStack-Training.git
error: remote origin already exists.

AzureAD+FathimaHudha@IBM-8JNPNJ4 MINGW64 ~/Documents/Day-1_HTML (master)
$ git push origin master
info: please complete authentication in your browser...
Enumerating objects: 6, done.
Counting objects: 100% (6/6), done.
Delta compression using up to 14 threads
Compressing objects: 100% (5/5), done.
Writing objects: 100% (6/6), 867 bytes | 433.00 KiB/s, done.
Total 6 (delta 0), reused 0 (delta 0), pack-reused 0 (from 0)
To https://github.com/FaThiMa-HuDhA-7/IBM-Cloud-FullStack-Training.git
 * [new branch]      master -> master

AzureAD+FathimaHudha@IBM-8JNPNJ4 MINGW64 ~/Documents/Day-1_HTML (master)